// Jest Snapshot v1, https://goo.gl/fbAQLP

exports[`Header should render 1`] = `
<header
  className={undefined}
>
  <h1
    className={undefined}
  >
    header.title
  </h1>
  <p
    className={undefined}
  >
    header.subtitle
  </p>
</header>
`;
