// Jest Snapshot v1, https://goo.gl/fbAQLP

exports[`Header should render 1`] = `
<footer
  className={undefined}
>
  <h1
    className={undefined}
  >
    footer
  </h1>
</footer>
`;
